dataset/UKhousing/cambridge.csv
"Name","URI","Region GSS code","Period","Sales volume","Reporting period","Average price All property types","Average price Detached houses","Average price Semi-detached houses","Average price Terraced houses","Average price Flats and maisonettes","Pivotable date"
Cambridge,http://landregistry.data.gov.uk/id/region/cambridge,E07000008,2004-01,130,monthly,205082,390563,233678,195641,151064,2004-01-01
Cambridge,http://landregistry.data.gov.uk/id/region/cambridge,E07000008,2004-02,144,monthly,201603,382725,229334,192423,148802,2004-02-01
Cambridge,http://landregistry.data.gov.uk/id/region/cambridge,E07000008,2004-03,151,monthly,200151,380601,227195,191211,147387,2004-03-01
Cambridge,http://landregistry.data.gov.uk/id/region/cambridge,E07000008,2004-04,154,monthly,202499,380756,229537,194205,148989,2004-04-01
Cambridge,http://landregistry.data.gov.uk/id/region/cambridge,E07000008,2004-05,122,monthly,205274,382660,232427,197327,151128,2004-05-01
Cambridge,http://landregistry.data.gov.uk/id/region/cambridge,E07000008,2004-06,200,monthly,210962,390419,239031,202878,155593,2004-06-01
Cambridge,http://landregistry.data.gov.uk/id/region/cambridge,E07000008,2004-07,196,monthly,210051,388483,238470,201848,154860,2004-07-01
Cambridge,http://landregistry.data.gov.uk/id/region/cambridge,E07000008,2004-08,194,monthly,215634,400100,244984,207094,158789,2004-08-01
Cambridge,http://landregistry.data.gov.uk/id/region/cambridge,E07000008,2004-09,159,monthly,221340,412538,251962,212325,162670,2004-09-01
Cambridge,http://landregistry.data.gov.uk/id/region/cambridge,E07000008,2004-10,172,monthly,223318,416264,253493,214120,164788,2004-10-01
Cambridge,http://landregistry.data.gov.uk/id/region/cambridge,E07000008,2004-11,134,monthly,222646,414578,252593,213340,164673,2004-11-01
Cambridge,http://landregistry.data.gov.uk/id/region/cambridge,E07000008,2004-12,127,monthly,218030,403394,246613,209107,161990,2004-12-01
Cambridge,http://landregistry.data.gov.uk/id/region/cambridge,E07000008,2005-01,131,monthly,219263,405068,247375,210913,162540,2005-01-01
Cambridge,http://landregistry.data.gov.uk/id/region/cambridge,E07000008,2005-02,125,monthly,211196,389488,238446,203420,156176,2005-02-01
Cambridge,http://landregistry.data.gov.uk/id/region/cambridge,E07000008,2005-03,138,monthly,213647,394116,241291,206075,157479,2005-03-01
Cambridge,http://landregistry.data.gov.uk/id/region/cambridge,E07000008,2005-04,147,monthly,213925,392656,242072,206423,157690,2005-04-01
Cambridge,http://landregistry.data.gov.uk/id/region/cambridge,E07000008,2005-05,155,monthly,218717,400816,247001,211149,161540,2005-05-01
Cambridge,http://landregistry.data.gov.uk/id/region/cambridge,E07000008,2005-06,184,monthly,215581,393054,243232,208614,159159,2005-06-01
Cambridge,http://landregistry.data.gov.uk/id/region/cambridge,E07000008,2005-07,174,monthly,217541,397146,245959,210379,160338,2005-07-01
Cambridge,http://landregistry.data.gov.uk/id/region/cambridge,E07000008,2005-08,206,monthly,221082,404252,250021,214031,162485,2005-08-01
Cambridge,http://landregistry.data.gov.uk/id/region/cambridge,E07000008,2005-09,243,monthly,225654,414372,255586,218196,165557,2005-09-01
Cambridge,http://landregistry.data.gov.uk/id/region/cambridge,E07000008,2005-10,165,monthly,224499,412182,253738,217030,165132,2005-10-01
Cambridge,http://landregistry.data.gov.uk/id/region/cambridge,E07000008,2005-11,182,monthly,223009,408545,252303,215383,164327,2005-11-01
Cambridge,http://landregistry.data.gov.uk/id/region/cambridge,E07000008,2005-12,156,monthly,219281,399554,247513,211801,162382,2005-12-01
Cambridge,http://landregistry.data.gov.uk/id/region/cambridge,E07000008,2006-01,146,monthly,219690,400603,247801,212754,162024,2006-01-01
Cambridge,http://landregistry.data.gov.uk/id/region/cambridge,E07000008,2006-02,107,monthly,223584,406408,251546,216634,165063,2006-02-01
Cambridge,http://landregistry.data.gov.uk/id/region/cambridge,E07000008,2006-03,161,monthly,231327,422116,260694,224049,170009,2006-03-01
Cambridge,http://landregistry.data.gov.uk/id/region/cambridge,E07000008,2006-04,150,monthly,236339,429713,266247,228798,174023,2006-04-01
Cambridge,http://landregistry.data.gov.uk/id/region/cambridge,E07000008,2006-05,205,monthly,243953,444007,275101,236070,179516,2006-05-01
Cambridge,http://landregistry.data.gov.uk/id/region/cambridge,E07000008,2006-06,228,monthly,243536,442227,274667,235929,179102,2006-06-01
Cambridge,http://landregistry.data.gov.uk/id/region/cambridge,E07000008,2006-07,215,monthly,248388,451748,280504,241293,181853,2006-07-01
Cambridge,http://landregistry.data.gov.uk/id/region/cambridge,E07000008,2006-08,243,monthly,245814,447541,277679,239822,179013,2006-08-01
Cambridge,http://landregistry.data.gov.uk/id/region/cambridge,E07000008,2006-09,209,monthly,251239,459194,284032,245414,182379,2006-09-01
Cambridge,http://landregistry.data.gov.uk/id/region/cambridge,E07000008,2006-10,175,monthly,251950,460885,284689,245809,183165,2006-10-01
Cambridge,http://landregistry.data.gov.uk/id/region/cambridge,E07000008,2006-11,237,monthly,256540,469817,290341,250115,186344,2006-11-01
Cambridge,http://landregistry.data.gov.uk/id/region/cambridge,E07000008,2006-12,257,monthly,260738,475897,294828,254352,189608,2006-12-01
Cambridge,http://landregistry.data.gov.uk/id/region/cambridge,E07000008,2007-01,190,monthly,261935,478415,296463,255533,190289,2007-01-01
Cambridge,http://landregistry.data.gov.uk/id/region/cambridge,E07000008,2007-02,138,monthly,262304,478559,296628,255388,191119,2007-02-01
Cambridge,http://landregistry.data.gov.uk/id/region/cambridge,E07000008,2007-03,149,monthly,260488,476455,295081,253979,189143,2007-03-01
Cambridge,http://landregistry.data.gov.uk/id/region/cambridge,E07000008,2007-04,152,monthly,264463,481952,299201,258706,191823,2007-04-01
Cambridge,http://landregistry.data.gov.uk/id/region/cambridge,E07000008,2007-05,157,monthly,269630,488953,304407,264312,195788,2007-05-01
Cambridge,http://landregistry.data.gov.uk/id/region/cambridge,E07000008,2007-06,257,monthly,272286,492822,307275,267075,197789,2007-06-01
Cambridge,http://landregistry.data.gov.uk/id/region/cambridge,E07000008,2007-07,212,monthly,273461,496758,308601,267957,198589,2007-07-01
Cambridge,http://landregistry.data.gov.uk/id/region/cambridge,E07000008,2007-08,232,monthly,275348,503738,311456,270668,198516,2007-08-01
Cambridge,http://landregistry.data.gov.uk/id/region/cambridge,E07000008,2007-09,206,monthly,273835,502873,309934,269007,197207,2007-09-01
Cambridge,http://landregistry.data.gov.uk/id/region/cambridge,E07000008,2007-10,200,monthly,275913,507478,311794,270819,198980,2007-10-01
Cambridge,http://landregistry.data.gov.uk/id/region/cambridge,E07000008,2007-11,165,monthly,276910,509797,312999,270854,200281,2007-11-01
Cambridge,http://landregistry.data.gov.uk/id/region/cambridge,E07000008,2007-12,131,monthly,283241,520197,319775,276938,205278,2007-12-01
Cambridge,http://landregistry.data.gov.uk/id/region/cambridge,E07000008,2008-01,94,monthly,277322,510843,313440,270712,200949,2008-01-01
Cambridge,http://landregistry.data.gov.uk/id/region/cambridge,E07000008,2008-02,111,monthly,273256,503141,308559,266411,198304,2008-02-01
Cambridge,http://landregistry.data.gov.uk/id/region/cambridge,E07000008,2008-03,96,monthly,266227,491387,300540,259574,193061,2008-03-01
Cambridge,http://landregistry.data.gov.uk/id/region/cambridge,E07000008,2008-04,101,monthly,262265,484522,296262,256332,189735,2008-04-01
Cambridge,http://landregistry.data.gov.uk/id/region/cambridge,E07000008,2008-05,118,monthly,259493,479486,293313,254444,187198,2008-05-01
Cambridge,http://landregistry.data.gov.uk/id/region/cambridge,E07000008,2008-06,122,monthly,260300,481090,294306,255549,187566,2008-06-01
Cambridge,http://landregistry.data.gov.uk/id/region/cambridge,E07000008,2008-07,117,monthly,260986,482220,295442,256006,188062,2008-07-01
Cambridge,http://landregistry.data.gov.uk/id/region/cambridge,E07000008,2008-08,107,monthly,253364,469952,287287,248785,182101,2008-08-01
Cambridge,http://landregistry.data.gov.uk/id/region/cambridge,E07000008,2008-09,157,monthly,241964,452170,274395,237514,173648,2008-09-01
Cambridge,http://landregistry.data.gov.uk/id/region/cambridge,E07000008,2008-10,164,monthly,233401,436214,264293,229457,167449,2008-10-01
Cambridge,http://landregistry.data.gov.uk/id/region/cambridge,E07000008,2008-11,110,monthly,229644,429656,259784,225508,164945,2008-11-01
Cambridge,http://landregistry.data.gov.uk/id/region/cambridge,E07000008,2008-12,99,monthly,230543,429897,261288,226783,165325,2008-12-01
Cambridge,http://landregistry.data.gov.uk/id/region/cambridge,E07000008,2009-01,66,monthly,232708,435145,263284,227946,167478,2009-01-01
Cambridge,http://landregistry.data.gov.uk/id/region/cambridge,E07000008,2009-02,61,monthly,229984,427580,259654,224559,166423,2009-02-01
Cambridge,http://landregistry.data.gov.uk/id/region/cambridge,E07000008,2009-03,93,monthly,224469,415288,252298,218224,163648,2009-03-01
Cambridge,http://landregistry.data.gov.uk/id/region/cambridge,E07000008,2009-04,95,monthly,226924,416104,255100,221452,165278,2009-04-01
Cambridge,http://landregistry.data.gov.uk/id/region/cambridge,E07000008,2009-05,114,monthly,236799,433176,266163,232259,171767,2009-05-01
Cambridge,http://landregistry.data.gov.uk/id/region/cambridge,E07000008,2009-06,131,monthly,242081,443206,272688,238652,174384,2009-06-01
Cambridge,http://landregistry.data.gov.uk/id/region/cambridge,E07000008,2009-07,148,monthly,242208,445324,273768,239597,173200,2009-07-01
Cambridge,http://landregistry.data.gov.uk/id/region/cambridge,E07000008,2009-08,138,monthly,249031,461552,282511,246707,176862,2009-08-01
Cambridge,http://landregistry.data.gov.uk/id/region/cambridge,E07000008,2009-09,150,monthly,259444,482298,294623,257231,183784,2009-09-01
Cambridge,http://landregistry.data.gov.uk/id/region/cambridge,E07000008,2009-10,119,monthly,260008,484315,295717,257717,183904,2009-10-01
Cambridge,http://landregistry.data.gov.uk/id/region/cambridge,E07000008,2009-11,110,monthly,256509,477969,291674,254859,181009,2009-11-01
Cambridge,http://landregistry.data.gov.uk/id/region/cambridge,E07000008,2009-12,145,monthly,252724,469470,288316,251642,177700,2009-12-01
Cambridge,http://landregistry.data.gov.uk/id/region/cambridge,E07000008,2010-01,83,monthly,259719,485458,297018,259640,181207,2010-01-01
Cambridge,http://landregistry.data.gov.uk/id/region/cambridge,E07000008,2010-02,128,monthly,261556,490756,300158,261867,181529,2010-02-01
Cambridge,http://landregistry.data.gov.uk/id/region/cambridge,E07000008,2010-03,117,monthly,264174,499002,302442,264118,183581,2010-03-01
Cambridge,http://landregistry.data.gov.uk/id/region/cambridge,E07000008,2010-04,101,monthly,265923,500228,304028,265551,185491,2010-04-01
Cambridge,http://landregistry.data.gov.uk/id/region/cambridge,E07000008,2010-05,110,monthly,267946,503884,305698,267292,187429,2010-05-01
Cambridge,http://landregistry.data.gov.uk/id/region/cambridge,E07000008,2010-06,142,monthly,265516,499261,303418,265712,184908,2010-06-01
Cambridge,http://landregistry.data.gov.uk/id/region/cambridge,E07000008,2010-07,166,monthly,266869,505385,305236,267877,184694,2010-07-01
Cambridge,http://landregistry.data.gov.uk/id/region/cambridge,E07000008,2010-08,169,monthly,267784,508070,307270,269268,184397,2010-08-01
Cambridge,http://landregistry.data.gov.uk/id/region/cambridge,E07000008,2010-09,135,monthly,276254,526785,317177,277603,189911,2010-09-01
Cambridge,http://landregistry.data.gov.uk/id/region/cambridge,E07000008,2010-10,143,monthly,280236,533242,321733,280974,193231,2010-10-01
Cambridge,http://landregistry.data.gov.uk/id/region/cambridge,E07000008,2010-11,140,monthly,278565,531439,319457,278629,192531,2010-11-01
Cambridge,http://landregistry.data.gov.uk/id/region/cambridge,E07000008,2010-12,115,monthly,274684,523136,315337,274331,190090,2010-12-01
Cambridge,http://landregistry.data.gov.uk/id/region/cambridge,E07000008,2011-01,104,monthly,266381,509375,305586,265623,184469,2011-01-01
Cambridge,http://landregistry.data.gov.uk/id/region/cambridge,E07000008,2011-02,94,monthly,263022,504616,301508,262100,182179,2011-02-01
Cambridge,http://landregistry.data.gov.uk/id/region/cambridge,E07000008,2011-03,93,monthly,263634,509590,301670,262340,182647,2011-03-01
Cambridge,http://landregistry.data.gov.uk/id/region/cambridge,E07000008,2011-04,115,monthly,269614,520390,308477,268270,186926,2011-04-01
Cambridge,http://landregistry.data.gov.uk/id/region/cambridge,E07000008,2011-05,86,monthly,273540,523360,312276,272224,190572,2011-05-01
Cambridge,http://landregistry.data.gov.uk/id/region/cambridge,E07000008,2011-06,143,monthly,276489,523486,315935,275757,192751,2011-06-01
Cambridge,http://landregistry.data.gov.uk/id/region/cambridge,E07000008,2011-07,163,monthly,278894,525548,318338,278373,194758,2011-07-01
Cambridge,http://landregistry.data.gov.uk/id/region/cambridge,E07000008,2011-08,180,monthly,280828,532479,322150,280850,194453,2011-08-01
Cambridge,http://landregistry.data.gov.uk/id/region/cambridge,E07000008,2011-09,175,monthly,278048,531158,319297,278262,191683,2011-09-01
Cambridge,http://landregistry.data.gov.uk/id/region/cambridge,E07000008,2011-10,148,monthly,281311,540665,324386,281359,192986,2011-10-01
Cambridge,http://landregistry.data.gov.uk/id/region/cambridge,E07000008,2011-11,129,monthly,289636,556002,333067,289152,199645,2011-11-01
Cambridge,http://landregistry.data.gov.uk/id/region/cambridge,E07000008,2011-12,127,monthly,293263,559955,337080,292509,202834,2011-12-01
Cambridge,http://landregistry.data.gov.uk/id/region/cambridge,E07000008,2012-01,92,monthly,291781,555150,335487,291614,201560,2012-01-01
Cambridge,http://landregistry.data.gov.uk/id/region/cambridge,E07000008,2012-02,84,monthly,283983,541425,327246,284358,195262,2012-02-01
Cambridge,http://landregistry.data.gov.uk/id/region/cambridge,E07000008,2012-03,129,monthly,281111,535452,323959,281626,193086,2012-03-01
Cambridge,http://landregistry.data.gov.uk/id/region/cambridge,E07000008,2012-04,95,monthly,285799,544009,328503,286244,196718,2012-04-01
Cambridge,http://landregistry.data.gov.uk/id/region/cambridge,E07000008,2012-05,101,monthly,294969,558899,338250,295787,203348,2012-05-01
Cambridge,http://landregistry.data.gov.uk/id/region/cambridge,E07000008,2012-06,120,monthly,298007,564376,341360,300132,204713,2012-06-01
Cambridge,http://landregistry.data.gov.uk/id/region/cambridge,E07000008,2012-07,112,monthly,298866,566396,342637,301813,204590,2012-07-01
Cambridge,http://landregistry.data.gov.uk/id/region/cambridge,E07000008,2012-08,163,monthly,297753,564989,341967,301927,202681,2012-08-01
Cambridge,http://landregistry.data.gov.uk/id/region/cambridge,E07000008,2012-09,150,monthly,306265,583469,352235,310305,208219,2012-09-01
Cambridge,http://landregistry.data.gov.uk/id/region/cambridge,E07000008,2012-10,122,monthly,300593,572127,345544,304381,204603,2012-10-01
Cambridge,http://landregistry.data.gov.uk/id/region/cambridge,E07000008,2012-11,146,monthly,302677,576289,347642,305907,206508,2012-11-01
Cambridge,http://landregistry.data.gov.uk/id/region/cambridge,E07000008,2012-12,148,monthly,302079,575273,346876,305048,206289,2012-12-01
Cambridge,http://landregistry.data.gov.uk/id/region/cambridge,E07000008,2013-01,90,monthly,312977,597965,360786,316012,213043,2013-01-01
Cambridge,http://landregistry.data.gov.uk/id/region/cambridge,E07000008,2013-02,101,monthly,312155,596990,360149,314809,212413,2013-02-01
Cambridge,http://landregistry.data.gov.uk/id/region/cambridge,E07000008,2013-03,140,monthly,316791,606091,364719,318452,216050,2013-03-01
Cambridge,http://landregistry.data.gov.uk/id/region/cambridge,E07000008,2013-04,116,monthly,317049,604740,362697,318671,216965,2013-04-01
Cambridge,http://landregistry.data.gov.uk/id/region/cambridge,E07000008,2013-05,151,monthly,323217,615294,369331,324891,221385,2013-05-01
Cambridge,http://landregistry.data.gov.uk/id/region/cambridge,E07000008,2013-06,181,monthly,320978,609516,367682,324005,219167,2013-06-01
Cambridge,http://landregistry.data.gov.uk/id/region/cambridge,E07000008,2013-07,236,monthly,322698,611959,370341,326469,219929,2013-07-01
Cambridge,http://landregistry.data.gov.uk/id/region/cambridge,E07000008,2013-08,233,monthly,324151,614671,372485,328605,220518,2013-08-01
Cambridge,http://landregistry.data.gov.uk/id/region/cambridge,E07000008,2013-09,235,monthly,322689,614740,370548,326552,219585,2013-09-01
Cambridge,http://landregistry.data.gov.uk/id/region/cambridge,E07000008,2013-10,173,monthly,326857,625059,375505,329717,222629,2013-10-01
Cambridge,http://landregistry.data.gov.uk/id/region/cambridge,E07000008,2013-11,161,monthly,326304,624763,374516,328567,222528,2013-11-01
Cambridge,http://landregistry.data.gov.uk/id/region/cambridge,E07000008,2013-12,203,monthly,340156,647820,390288,341970,232551,2013-12-01
Cambridge,http://landregistry.data.gov.uk/id/region/cambridge,E07000008,2014-01,149,monthly,332630,633948,382104,334155,227365,2014-01-01
Cambridge,http://landregistry.data.gov.uk/id/region/cambridge,E07000008,2014-02,149,monthly,336920,644402,387670,337867,230197,2014-02-01
Cambridge,http://landregistry.data.gov.uk/id/region/cambridge,E07000008,2014-03,166,monthly,328271,629192,378149,329260,224042,2014-03-01
Cambridge,http://landregistry.data.gov.uk/id/region/cambridge,E07000008,2014-04,128,monthly,342230,655185,393952,343859,233409,2014-04-01
Cambridge,http://landregistry.data.gov.uk/id/region/cambridge,E07000008,2014-05,135,monthly,351716,670485,404147,353931,240060,2014-05-01
Cambridge,http://landregistry.data.gov.uk/id/region/cambridge,E07000008,2014-06,213,monthly,366614,698809,421492,369592,249841,2014-06-01
Cambridge,http://landregistry.data.gov.uk/id/region/cambridge,E07000008,2014-07,158,monthly,369575,704603,425561,373084,251420,2014-07-01
Cambridge,http://landregistry.data.gov.uk/id/region/cambridge,E07000008,2014-08,162,monthly,371578,710901,429366,375823,251809,2014-08-01
