dataset/UKhousing/cambridge.csv
"Name","URI","Region GSS code","Period","Sales volume","Reporting period","Average price All property types","Average price Detached houses","Average price Semi-detached houses","Average price Terraced houses","Average price Flats and maisonettes","Pivotable date"
Cambridge,http://landregistry.data.gov.uk/id/region/cambridge,E07000008,2014-09,242,monthly,373745,715949,432492,377884,253099,2014-09-01
Cambridge,http://landregistry.data.gov.uk/id/region/cambridge,E07000008,2014-10,163,monthly,371143,711547,429750,374458,251611,2014-10-01
Cambridge,http://landregistry.data.gov.uk/id/region/cambridge,E07000008,2014-11,170,monthly,368204,705698,426420,370669,250028,2014-11-01
Cambridge,http://landregistry.data.gov.uk/id/region/cambridge,E07000008,2014-12,182,monthly,364462,698805,421578,366216,247938,2014-12-01
Cambridge,http://landregistry.data.gov.uk/id/region/cambridge,E07000008,2015-01,119,monthly,375085,719612,433531,376667,255323,2015-01-01
Cambridge,http://landregistry.data.gov.uk/id/region/cambridge,E07000008,2015-02,142,monthly,381836,733080,440181,383001,260500,2015-02-01
Cambridge,http://landregistry.data.gov.uk/id/region/cambridge,E07000008,2015-03,130,monthly,387493,744735,446671,388583,264523,2015-03-01
Cambridge,http://landregistry.data.gov.uk/id/region/cambridge,E07000008,2015-04,97,monthly,386169,743255,445088,387391,263351,2015-04-01
Cambridge,http://landregistry.data.gov.uk/id/region/cambridge,E07000008,2015-05,110,monthly,392630,753927,452980,393820,267867,2015-05-01
Cambridge,http://landregistry.data.gov.uk/id/region/cambridge,E07000008,2015-06,162,monthly,402532,771681,464994,404705,273551,2015-06-01
Cambridge,http://landregistry.data.gov.uk/id/region/cambridge,E07000008,2015-07,185,monthly,408336,780328,471990,410703,277557,2015-07-01
Cambridge,http://landregistry.data.gov.uk/id/region/cambridge,E07000008,2015-08,151,monthly,411637,786533,475969,414772,278965,2015-08-01
Cambridge,http://landregistry.data.gov.uk/id/region/cambridge,E07000008,2015-09,155,monthly,413637,794065,478307,416017,280566,2015-09-01
Cambridge,http://landregistry.data.gov.uk/id/region/cambridge,E07000008,2015-10,160,monthly,414819,798597,480331,416990,280967,2015-10-01
Cambridge,http://landregistry.data.gov.uk/id/region/cambridge,E07000008,2015-11,106,monthly,416642,803954,482966,418302,282234,2015-11-01
Cambridge,http://landregistry.data.gov.uk/id/region/cambridge,E07000008,2015-12,155,monthly,425457,821104,493771,427159,287916,2015-12-01
Cambridge,http://landregistry.data.gov.uk/id/region/cambridge,E07000008,2016-01,111,monthly,429178,827608,499035,430670,290341,2016-01-01
Cambridge,http://landregistry.data.gov.uk/id/region/cambridge,E07000008,2016-02,109,monthly,432011,834069,502813,433221,292199,2016-02-01
Cambridge,http://landregistry.data.gov.uk/id/region/cambridge,E07000008,2016-03,218,monthly,430219,829752,500026,431096,291768,2016-03-01
Cambridge,http://landregistry.data.gov.uk/id/region/cambridge,E07000008,2016-04,94,monthly,437219,843599,506710,438552,296657,2016-04-01
Cambridge,http://landregistry.data.gov.uk/id/region/cambridge,E07000008,2016-05,94,monthly,430822,827986,497840,432390,293184,2016-05-01
Cambridge,http://landregistry.data.gov.uk/id/region/cambridge,E07000008,2016-06,164,monthly,425993,818091,492109,427658,289936,2016-06-01
Cambridge,http://landregistry.data.gov.uk/id/region/cambridge,E07000008,2016-07,169,monthly,424048,812266,489835,425825,288806,2016-07-01
Cambridge,http://landregistry.data.gov.uk/id/region/cambridge,E07000008,2016-08,119,monthly,429007,822256,495704,430663,292195,2016-08-01
Cambridge,http://landregistry.data.gov.uk/id/region/cambridge,E07000008,2016-09,159,monthly,429167,821822,496512,430825,292127,2016-09-01
Cambridge,http://landregistry.data.gov.uk/id/region/cambridge,E07000008,2016-10,131,monthly,399642,768163,462698,399870,272827,2016-10-01
Cambridge,http://landregistry.data.gov.uk/id/region/cambridge,E07000008,2016-11,104,monthly,396817,766924,459759,396062,271163,2016-11-01
Cambridge,http://landregistry.data.gov.uk/id/region/cambridge,E07000008,2016-12,161,monthly,399330,773563,461973,397848,273694,2016-12-01
Cambridge,http://landregistry.data.gov.uk/id/region/cambridge,E07000008,2017-01,115,monthly,421207,816456,486787,420056,288404,2017-01-01
Cambridge,http://landregistry.data.gov.uk/id/region/cambridge,E07000008,2017-02,127,monthly,422069,817013,486436,420334,289568,2017-02-01
Cambridge,http://landregistry.data.gov.uk/id/region/cambridge,E07000008,2017-03,114,monthly,420710,816485,484327,418502,288647,2017-03-01
Cambridge,http://landregistry.data.gov.uk/id/region/cambridge,E07000008,2017-04,143,monthly,425216,827645,488861,422573,291956,2017-04-01
Cambridge,http://landregistry.data.gov.uk/id/region/cambridge,E07000008,2017-05,115,monthly,431736,837682,497035,428742,296599,2017-05-01
Cambridge,http://landregistry.data.gov.uk/id/region/cambridge,E07000008,2017-06,139,monthly,440545,851959,507000,438317,302495,2017-06-01
Cambridge,http://landregistry.data.gov.uk/id/region/cambridge,E07000008,2017-07,103,monthly,452358,870449,521478,450068,310682,2017-07-01
Cambridge,http://landregistry.data.gov.uk/id/region/cambridge,E07000008,2017-08,145,monthly,456022,881981,526402,455577,311689,2017-08-01
Cambridge,http://landregistry.data.gov.uk/id/region/cambridge,E07000008,2017-09,193,monthly,447954,869071,518110,447326,305763,2017-09-01
Cambridge,http://landregistry.data.gov.uk/id/region/cambridge,E07000008,2017-10,144,monthly,438271,854859,507514,437629,298641,2017-10-01
Cambridge,http://landregistry.data.gov.uk/id/region/cambridge,E07000008,2017-11,148,monthly,436369,850006,506361,435330,297330,2017-11-01
Cambridge,http://landregistry.data.gov.uk/id/region/cambridge,E07000008,2017-12,105,monthly,432065,841970,502088,431400,293975,2017-12-01
Cambridge,http://landregistry.data.gov.uk/id/region/cambridge,E07000008,2018-01,86,monthly,429568,834426,498723,428765,292689,2018-01-01
Cambridge,http://landregistry.data.gov.uk/id/region/cambridge,E07000008,2018-02,101,monthly,427626,831619,495106,425955,292136,2018-02-01
Cambridge,http://landregistry.data.gov.uk/id/region/cambridge,E07000008,2018-03,121,monthly,437835,849480,506748,436313,299164,2018-03-01
Cambridge,http://landregistry.data.gov.uk/id/region/cambridge,E07000008,2018-04,85,monthly,440511,855553,510857,440178,299930,2018-04-01
Cambridge,http://landregistry.data.gov.uk/id/region/cambridge,E07000008,2018-05,82,monthly,439056,854062,511183,440338,297296,2018-05-01
Cambridge,http://landregistry.data.gov.uk/id/region/cambridge,E07000008,2018-06,124,monthly,435934,850394,509189,436867,294644,2018-06-01
Cambridge,http://landregistry.data.gov.uk/id/region/cambridge,E07000008,2018-07,128,monthly,441781,866047,516445,442821,298019,2018-07-01
Cambridge,http://landregistry.data.gov.uk/id/region/cambridge,E07000008,2018-08,137,monthly,446849,876859,522147,447575,301603,2018-08-01
Cambridge,http://landregistry.data.gov.uk/id/region/cambridge,E07000008,2018-09,111,monthly,443276,871640,517428,445175,298540,2018-09-01
Cambridge,http://landregistry.data.gov.uk/id/region/cambridge,E07000008,2018-10,116,monthly,441356,867678,514926,442472,297771,2018-10-01
Cambridge,http://landregistry.data.gov.uk/id/region/cambridge,E07000008,2018-11,134,monthly,442765,875168,517960,444462,297554,2018-11-01
Cambridge,http://landregistry.data.gov.uk/id/region/cambridge,E07000008,2018-12,122,monthly,449219,886148,526325,449194,302775,2018-12-01
Cambridge,http://landregistry.data.gov.uk/id/region/cambridge,E07000008,2019-01,81,monthly,441487,872115,518046,441720,297073,2019-01-01
Cambridge,http://landregistry.data.gov.uk/id/region/cambridge,E07000008,2019-02,93,monthly,429639,848626,502850,428908,290083,2019-02-01
Cambridge,http://landregistry.data.gov.uk/id/region/cambridge,E07000008,2019-03,115,monthly,419765,831761,491314,420284,282345,2019-03-01
Cambridge,http://landregistry.data.gov.uk/id/region/cambridge,E07000008,2019-04,92,monthly,424701,840063,496663,426249,285250,2019-04-01
Cambridge,http://landregistry.data.gov.uk/id/region/cambridge,E07000008,2019-05,99,monthly,428894,844500,502227,431906,287105,2019-05-01
Cambridge,http://landregistry.data.gov.uk/id/region/cambridge,E07000008,2019-06,125,monthly,432809,850890,506939,435780,289899,2019-06-01
Cambridge,http://landregistry.data.gov.uk/id/region/cambridge,E07000008,2019-07,132,monthly,430264,843958,503944,433165,288508,2019-07-01
Cambridge,http://landregistry.data.gov.uk/id/region/cambridge,E07000008,2019-08,150,monthly,434499,855392,508936,438035,290432,2019-08-01
Cambridge,http://landregistry.data.gov.uk/id/region/cambridge,E07000008,2019-09,116,monthly,442044,871528,516228,446580,295300,2019-09-01
Cambridge,http://landregistry.data.gov.uk/id/region/cambridge,E07000008,2019-10,115,monthly,445665,881161,522134,449881,296854,2019-10-01
Cambridge,http://landregistry.data.gov.uk/id/region/cambridge,E07000008,2019-11,115,monthly,435823,860708,512213,439124,290313,2019-11-01
Cambridge,http://landregistry.data.gov.uk/id/region/cambridge,E07000008,2019-12,111,monthly,431795,852657,509839,434490,286963,2019-12-01
Cambridge,http://landregistry.data.gov.uk/id/region/cambridge,E07000008,2020-01,95,monthly,429570,847768,507075,432994,285027,2020-01-01
Cambridge,http://landregistry.data.gov.uk/id/region/cambridge,E07000008,2020-02,96,monthly,443943,878856,524095,447648,294077,2020-02-01
Cambridge,http://landregistry.data.gov.uk/id/region/cambridge,E07000008,2020-03,97,monthly,444113,880898,524224,447805,294011,2020-03-01
Cambridge,http://landregistry.data.gov.uk/id/region/cambridge,E07000008,2020-04,28,monthly,440337,879589,519599,444698,290172,2020-04-01
Cambridge,http://landregistry.data.gov.uk/id/region/cambridge,E07000008,2020-05,33,monthly,432051,863794,509447,435665,285303,2020-05-01
Cambridge,http://landregistry.data.gov.uk/id/region/cambridge,E07000008,2020-06,87,monthly,434600,866234,513494,439344,286027,2020-06-01
Cambridge,http://landregistry.data.gov.uk/id/region/cambridge,E07000008,2020-07,90,monthly,443115,877277,523894,448074,292199,2020-07-01
Cambridge,http://landregistry.data.gov.uk/id/region/cambridge,E07000008,2020-08,91,monthly,441821,874690,523679,448884,289119,2020-08-01
Cambridge,http://landregistry.data.gov.uk/id/region/cambridge,E07000008,2020-09,119,monthly,444228,883888,526953,451935,289443,2020-09-01
Cambridge,http://landregistry.data.gov.uk/id/region/cambridge,E07000008,2020-10,115,monthly,439150,876346,522065,447448,284795,2020-10-01
Cambridge,http://landregistry.data.gov.uk/id/region/cambridge,E07000008,2020-11,112,monthly,443067,883276,526605,451381,287544,2020-11-01
Cambridge,http://landregistry.data.gov.uk/id/region/cambridge,E07000008,2020-12,133,monthly,442832,882352,526431,451585,287060,2020-12-01
Cambridge,http://landregistry.data.gov.uk/id/region/cambridge,E07000008,2021-01,101,monthly,447999,894031,532330,457097,290128,2021-01-01
Cambridge,http://landregistry.data.gov.uk/id/region/cambridge,E07000008,2021-02,124,monthly,452458,905039,537637,461551,292761,2021-02-01
Cambridge,http://landregistry.data.gov.uk/id/region/cambridge,E07000008,2021-03,188,monthly,454085,909981,539488,463469,293418,2021-03-01
Cambridge,http://landregistry.data.gov.uk/id/region/cambridge,E07000008,2021-04,101,monthly,456956,917876,542741,465609,295612,2021-04-01
Cambridge,http://landregistry.data.gov.uk/id/region/cambridge,E07000008,2021-05,78,monthly,453271,912669,538488,461820,292905,2021-05-01
Cambridge,http://landregistry.data.gov.uk/id/region/cambridge,E07000008,2021-06,202,monthly,460944,928800,547708,470441,297165,2021-06-01
Cambridge,http://landregistry.data.gov.uk/id/region/cambridge,E07000008,2021-07,21,monthly,465797,938816,552937,475289,300571,2021-07-01
Cambridge,http://landregistry.data.gov.uk/id/region/cambridge,E07000008,2021-08,40,monthly,475562,963572,566320,485358,305377,2021-08-01
Cambridge,http://landregistry.data.gov.uk/id/region/cambridge,E07000008,2021-09,77,monthly,483084,983453,575782,492140,310001,2021-09-01
Cambridge,http://landregistry.data.gov.uk/id/region/cambridge,E07000008,2021-10,,monthly,488516,1003387,584755,498321,310801,2021-10-01
Cambridge,http://landregistry.data.gov.uk/id/region/cambridge,E07000008,2021-11,,monthly,504952,1037969,606349,514972,320439,2021-11-01
